<html>
<body>
<pre>
<h1>µVision Build Log</h1>
<h2>Tool Versions:</h2>
IDE-Version: µVision V5.25.2.0
Copyright (C) 2018 ARM Ltd and ARM Germany GmbH. All rights reserved.
License Information: zahra zahra, .., LIC=D0D12-9NJ7Z-KNAAC-7RXX2-A4NUK-R2SBB
 
Tool Versions:
Toolchain:       MDK-ARM Plus  Version: 5.25.2.0
Toolchain Path:  C:\Keil_v5\ARM\ARMCC\Bin
C Compiler:      Armcc.exe V5.06 update 6 (build 750)
Assembler:       Armasm.exe V5.06 update 6 (build 750)
Linker/Locator:  ArmLink.exe V5.06 update 6 (build 750)
Library Manager: ArmAr.exe V5.06 update 6 (build 750)
Hex Converter:   FromElf.exe V5.06 update 6 (build 750)
CPU DLL:         SARMCM3.DLL V5.25.2.0
Dialog DLL:      DCM.DLL V1.17.1.0
Target DLL:      STLink\ST-LINKIII-KEIL_SWO.dll V3.0.1.0
Dialog DLL:      TCM.DLL V1.35.1.0
 
<h2>Project:</h2>
D:\lessones\micro\finalProjects\FinalProject4.10.98\MDK-ARM\FinalProject4.10.98.uvprojx
Project File Date:  02/04/2020

<h2>Output:</h2>
*** Using Compiler 'V5.06 update 6 (build 750)', folder: 'C:\Keil_v5\ARM\ARMCC\Bin'
Build target 'FinalProject4.10.98'
compiling main.c...
../Src/main.c(352): warning:  #940-D: missing return statement at end of non-void function "calculateSpeed" 
  	}
../Src/main.c(350): warning:  #177-D: variable "speed"  was declared but never referenced
  			int speed=volume*(max_speed_step[step]/63);
../Src/main.c(356): warning:  #940-D: missing return statement at end of non-void function "calculateTime" 
  	}
../Src/main.c(354): warning:  #177-D: variable "time"  was declared but never referenced
  			int time=max_time_step[step]*(max_speed_step[step]/speed);
../Src/main.c(598): warning:  #188-D: enumerated type mixed with another type
  							HAL_GPIO_WritePin(GPIOD, GPIO_PIN_4, 0);
../Src/main.c(599): warning:  #188-D: enumerated type mixed with another type
  							HAL_GPIO_WritePin(GPIOD, GPIO_PIN_3, 0);
../Src/main.c(600): warning:  #188-D: enumerated type mixed with another type
  							HAL_GPIO_WritePin(GPIOD, GPIO_PIN_2, 0);
../Src/main.c(601): warning:  #188-D: enumerated type mixed with another type
  							HAL_GPIO_WritePin(GPIOD, GPIO_PIN_1, 0);}
../Src/main.c(605): warning:  #188-D: enumerated type mixed with another type
  							HAL_GPIO_WritePin(GPIOD, GPIO_PIN_4, 1);
../Src/main.c(606): warning:  #188-D: enumerated type mixed with another type
  							HAL_GPIO_WritePin(GPIOD, GPIO_PIN_3, 0);
../Src/main.c(607): warning:  #188-D: enumerated type mixed with another type
  							HAL_GPIO_WritePin(GPIOD, GPIO_PIN_2, 0);
../Src/main.c(608): warning:  #188-D: enumerated type mixed with another type
  							HAL_GPIO_WritePin(GPIOD, GPIO_PIN_1, 0);}
../Src/main.c(612): warning:  #188-D: enumerated type mixed with another type
  							HAL_GPIO_WritePin(GPIOD, GPIO_PIN_4, 0);
../Src/main.c(613): warning:  #188-D: enumerated type mixed with another type
  							HAL_GPIO_WritePin(GPIOD, GPIO_PIN_3,1);
../Src/main.c(614): warning:  #188-D: enumerated type mixed with another type
  							HAL_GPIO_WritePin(GPIOD, GPIO_PIN_2, 0);
../Src/main.c(615): warning:  #188-D: enumerated type mixed with another type
  							HAL_GPIO_WritePin(GPIOD, GPIO_PIN_1, 0);}
../Src/main.c(619): warning:  #188-D: enumerated type mixed with another type
  							HAL_GPIO_WritePin(GPIOD, GPIO_PIN_4, 0);
../Src/main.c(620): warning:  #188-D: enumerated type mixed with another type
  							HAL_GPIO_WritePin(GPIOD, GPIO_PIN_3, 0);
../Src/main.c(621): warning:  #188-D: enumerated type mixed with another type
  							HAL_GPIO_WritePin(GPIOD, GPIO_PIN_2, 1);
../Src/main.c(622): warning:  #188-D: enumerated type mixed with another type
  							HAL_GPIO_WritePin(GPIOD, GPIO_PIN_1, 0);}
../Src/main.c(626): warning:  #188-D: enumerated type mixed with another type
  							HAL_GPIO_WritePin(GPIOD, GPIO_PIN_4, 0);
../Src/main.c(627): warning:  #188-D: enumerated type mixed with another type
  							HAL_GPIO_WritePin(GPIOD, GPIO_PIN_3, 0);
../Src/main.c(628): warning:  #188-D: enumerated type mixed with another type
  							HAL_GPIO_WritePin(GPIOD, GPIO_PIN_2, 0);
../Src/main.c(629): warning:  #188-D: enumerated type mixed with another type
  							HAL_GPIO_WritePin(GPIOD, GPIO_PIN_1, 1);}
../Src/main.c(638): warning:  #188-D: enumerated type mixed with another type
  						HAL_GPIO_WritePin(GPIOB, GPIO_PIN_4, 0);	
../Src/main.c(639): warning:  #188-D: enumerated type mixed with another type
  						HAL_GPIO_WritePin(GPIOB, GPIO_PIN_2, 0);	
../Src/main.c(640): warning:  #188-D: enumerated type mixed with another type
  						HAL_GPIO_WritePin(GPIOB, GPIO_PIN_1, 0);	
../Src/main.c(641): warning:  #188-D: enumerated type mixed with another type
  						HAL_GPIO_WritePin(GPIOB, GPIO_PIN_0, 0);	}
../Src/main.c(645): warning:  #188-D: enumerated type mixed with another type
  						HAL_GPIO_WritePin(GPIOB, GPIO_PIN_4, 0);	
../Src/main.c(646): warning:  #188-D: enumerated type mixed with another type
  						HAL_GPIO_WritePin(GPIOB, GPIO_PIN_2, 0);	
../Src/main.c(647): warning:  #188-D: enumerated type mixed with another type
  						HAL_GPIO_WritePin(GPIOB, GPIO_PIN_1, 0);	
../Src/main.c(648): warning:  #188-D: enumerated type mixed with another type
  						HAL_GPIO_WritePin(GPIOB, GPIO_PIN_0, 1);	}
../Src/main.c(652): warning:  #188-D: enumerated type mixed with another type
  						HAL_GPIO_WritePin(GPIOB, GPIO_PIN_4,0);	
../Src/main.c(653): warning:  #188-D: enumerated type mixed with another type
  						HAL_GPIO_WritePin(GPIOB, GPIO_PIN_2, 0);	
../Src/main.c(654): warning:  #188-D: enumerated type mixed with another type
  						HAL_GPIO_WritePin(GPIOB, GPIO_PIN_1, 1);	
../Src/main.c(655): warning:  #188-D: enumerated type mixed with another type
  						HAL_GPIO_WritePin(GPIOB, GPIO_PIN_0, 0);	}
../Src/main.c(659): warning:  #188-D: enumerated type mixed with another type
  						HAL_GPIO_WritePin(GPIOB, GPIO_PIN_4, 0);	
../Src/main.c(660): warning:  #188-D: enumerated type mixed with another type
  						HAL_GPIO_WritePin(GPIOB, GPIO_PIN_2, 0);	
../Src/main.c(661): warning:  #188-D: enumerated type mixed with another type
  						HAL_GPIO_WritePin(GPIOB, GPIO_PIN_1, 1);	
../Src/main.c(662): warning:  #188-D: enumerated type mixed with another type
  						HAL_GPIO_WritePin(GPIOB, GPIO_PIN_0, 1);	}
../Src/main.c(666): warning:  #188-D: enumerated type mixed with another type
  						HAL_GPIO_WritePin(GPIOB, GPIO_PIN_4, 0);	
../Src/main.c(667): warning:  #188-D: enumerated type mixed with another type
  						HAL_GPIO_WritePin(GPIOB, GPIO_PIN_2, 1);	
../Src/main.c(668): warning:  #188-D: enumerated type mixed with another type
  						HAL_GPIO_WritePin(GPIOB, GPIO_PIN_1, 0);	
../Src/main.c(669): warning:  #188-D: enumerated type mixed with another type
  						HAL_GPIO_WritePin(GPIOB, GPIO_PIN_0, 0);	}
../Src/main.c(673): warning:  #188-D: enumerated type mixed with another type
  						HAL_GPIO_WritePin(GPIOB, GPIO_PIN_4, 0);	
../Src/main.c(674): warning:  #188-D: enumerated type mixed with another type
  						HAL_GPIO_WritePin(GPIOB, GPIO_PIN_2, 1);	
../Src/main.c(675): warning:  #188-D: enumerated type mixed with another type
  						HAL_GPIO_WritePin(GPIOB, GPIO_PIN_1, 0);	
../Src/main.c(676): warning:  #188-D: enumerated type mixed with another type
  						HAL_GPIO_WritePin(GPIOB, GPIO_PIN_0, 1);	}			
../Src/main.c(680): warning:  #188-D: enumerated type mixed with another type
  						HAL_GPIO_WritePin(GPIOB, GPIO_PIN_4, 0);	
../Src/main.c(681): warning:  #188-D: enumerated type mixed with another type
  						HAL_GPIO_WritePin(GPIOB, GPIO_PIN_2, 1);	
../Src/main.c(682): warning:  #188-D: enumerated type mixed with another type
  						HAL_GPIO_WritePin(GPIOB, GPIO_PIN_1, 1);	
../Src/main.c(683): warning:  #188-D: enumerated type mixed with another type
  						HAL_GPIO_WritePin(GPIOB, GPIO_PIN_0, 0);	}
../Src/main.c(687): warning:  #188-D: enumerated type mixed with another type
  						HAL_GPIO_WritePin(GPIOB, GPIO_PIN_4, 0);	
../Src/main.c(688): warning:  #188-D: enumerated type mixed with another type
  						HAL_GPIO_WritePin(GPIOB, GPIO_PIN_2, 1);	
../Src/main.c(689): warning:  #188-D: enumerated type mixed with another type
  						HAL_GPIO_WritePin(GPIOB, GPIO_PIN_1, 1);	
../Src/main.c(690): warning:  #188-D: enumerated type mixed with another type
  						HAL_GPIO_WritePin(GPIOB, GPIO_PIN_0, 1);	}
../Src/main.c(694): warning:  #188-D: enumerated type mixed with another type
  						HAL_GPIO_WritePin(GPIOB, GPIO_PIN_4, 1);	
../Src/main.c(695): warning:  #188-D: enumerated type mixed with another type
  						HAL_GPIO_WritePin(GPIOB, GPIO_PIN_2, 0);	
../Src/main.c(696): warning:  #188-D: enumerated type mixed with another type
  						HAL_GPIO_WritePin(GPIOB, GPIO_PIN_1, 0);	
../Src/main.c(697): warning:  #188-D: enumerated type mixed with another type
  						HAL_GPIO_WritePin(GPIOB, GPIO_PIN_0, 0);   }
../Src/main.c(701): warning:  #188-D: enumerated type mixed with another type
  						HAL_GPIO_WritePin(GPIOB, GPIO_PIN_4, 1);	
../Src/main.c(702): warning:  #188-D: enumerated type mixed with another type
  						HAL_GPIO_WritePin(GPIOB, GPIO_PIN_2, 0);	
../Src/main.c(703): warning:  #188-D: enumerated type mixed with another type
  						HAL_GPIO_WritePin(GPIOB, GPIO_PIN_1, 0);	
../Src/main.c(704): warning:  #188-D: enumerated type mixed with another type
  						HAL_GPIO_WritePin(GPIOB, GPIO_PIN_0, 1);	}
../Src/main.c(718): warning:  #188-D: enumerated type mixed with another type
  	HAL_GPIO_WritePin(GPIOD, GPIO_PIN_5, 0);
../Src/main.c(723): warning:  #188-D: enumerated type mixed with another type
  	HAL_GPIO_WritePin(GPIOD, GPIO_PIN_5, 1);
../Src/main.c(772): warning:  #167-D: argument of type "unsigned char *" is incompatible with parameter of type "char *restrict"
  				sprintf(data," %s %s %s %s %s %s",plane1X,plane1Y,plane1Fuel,plane1Speed,gameStep,gameScore);
../Src/main.c(1116): warning:  #188-D: enumerated type mixed with another type
  	HAL_GPIO_WritePin(GPIOC, GPIO_PIN_0, 1);
../Src/main.c(1117): warning:  #188-D: enumerated type mixed with another type
  	HAL_GPIO_WritePin(GPIOC, GPIO_PIN_1, 1);
../Src/main.c(1118): warning:  #188-D: enumerated type mixed with another type
  	HAL_GPIO_WritePin(GPIOC, GPIO_PIN_2, 1);
../Src/main.c(1119): warning:  #188-D: enumerated type mixed with another type
  	HAL_GPIO_WritePin(GPIOC, GPIO_PIN_3, 1);
../Src/main.c: 71 warnings, 0 errors
linking...
Program Size: Code=20320 RO-data=580 RW-data=252 ZI-data=3788  
"FinalProject4.10.98\FinalProject4.10.98" - 0 Error(s), 71 Warning(s).

<h2>Software Packages used:</h2>

Package Vendor: ARM
                http://www.keil.com/pack/ARM.CMSIS.5.3.0.pack
                ARM.CMSIS.5.3.0
                CMSIS (Cortex Microcontroller Software Interface Standard)
   * Component: CORE Version: 5.1.1

Package Vendor: Keil
                http://www.keil.com/pack/Keil.STM32F3xx_DFP.2.1.0.pack
                Keil.STM32F3xx_DFP.2.1.0
                STMicroelectronics STM32F3 Series Device Support and Examples

<h2>Collection of Component include folders:</h2>
  .\RTE\_FinalProject4.10.98
  C:\Keil_v5\ARM\PACK\ARM\CMSIS\5.3.0\CMSIS\Include
  C:\Keil_v5\ARM\PACK\Keil\STM32F3xx_DFP\2.1.0\Drivers\CMSIS\Device\ST\STM32F3xx\Include

<h2>Collection of Component Files used:</h2>

   * Component: ARM::CMSIS:CORE:5.1.1
Build Time Elapsed:  00:00:04
</pre>
</body>
</html>
